
> amerilend@1.0.0 build C:\Users\USER\Downloads\Amerilendloan.com
> vite build && esbuild server/_core/index.ts --platform=node --packages=external --bundle --format=esm --outdir=dist --external:./vite --external:../../vite.config

[36mvite v7.2.2 [32mbuilding client environment for production...[36m[39m
transforming...
